// Jest Snapshot v1, https://goo.gl/fbAQLP

exports[`<ForumSelect/ > matches snapshot 1`] = `ReactWrapper {}`;
