// Jest Snapshot v1, https://goo.gl/fbAQLP

exports[`<Forums/ > matches snapshot 1`] = `ReactWrapper {}`;
