// Jest Snapshot v1, https://goo.gl/fbAQLP

exports[`<Users/ > matches snapshot 1`] = `ReactWrapper {}`;
